// Jest Snapshot v1, https://goo.gl/fbAQLP

exports[`UI/PageSideBarLink <PageSideBarLink {...}> Should render default state 1`] = `
<div>
  <div />
</div>
`;
