// Jest Snapshot v1, https://goo.gl/fbAQLP

exports[`UI/Component <DiscountLabel {...} /> Should be able to render the default state 1`] = `
<div>
  <div
    class="card-flag-container"
  >
    <span
      class="card-flag"
    >
      -20%
    </span>
  </div>
</div>
`;
