// Jest Snapshot v1, https://goo.gl/fbAQLP

exports[`Containers/PageSideBar <PageSideBar {...}> Should render default state 1`] = `
<div>
  <div />
</div>
`;
