// Jest Snapshot v1, https://goo.gl/fbAQLP

exports[`Container/Widget <Widget {...} /> Should render default state 1`] = `
<div>
  <section
    class="bg-white h-auto m-auto rounded-lg p-4 shadow-lg"
  >
    <div
      class="py-0"
    >
      <h3
        class="text-base text-black font-bold"
      >
        Widget title
      </h3>
    </div>
    <div
      class="pt-2"
    >
      <div
        class="w-96 pb-2"
      >
        Body content...
      </div>
      <div
        class="w-full h-px m-auto bg-gradient-to-r from-transparent via-gray-400 to-transparent"
      />
      <h3
        class="leading-loose text-center text-slate-900"
      >
        Â© 2023 | Fake App
      </h3>
    </div>
  </section>
</div>
`;
