// Jest Snapshot v1, https://goo.gl/fbAQLP

exports[`Containers/ProductDetails <ProductDetails {...} /> Should render a default state of the component 1`] = `
<div>
  <div
    class="flex-1"
  >
    <div
      class="bg-white border border-gray-300 rounded-lg p-4 shadow-lg"
    >
      <div
        class="py-0"
      />
      <div
        class="pt-2"
      >
        <div
          class="flex flex-col lg:flex-row"
        >
          <img
            alt=""
            class="border-gray-300 border m-auto"
            data-nimg="1"
            decoding="async"
            height="320"
            loading="lazy"
            src="/_next/image?url=https%3A%2F%2Fi.dummyjson.com%2Fdata%2Fproducts%2F1%2Fthumbnail.jpg&w=1080&q=75"
            srcset="/_next/image?url=https%3A%2F%2Fi.dummyjson.com%2Fdata%2Fproducts%2F1%2Fthumbnail.jpg&w=640&q=75 1x, /_next/image?url=https%3A%2F%2Fi.dummyjson.com%2Fdata%2Fproducts%2F1%2Fthumbnail.jpg&w=1080&q=75 2x"
            style="color: transparent;"
            width="440"
          />
          <div
            class="w-full"
          >
            <h3
              class="p-2  text-gray-500 border-b border-t border-gray-300"
            >
              iPhone 9
            </h3>
            <span
              class="block  text-gray-500 p-2 border-b border-gray-300"
            >
              â‚¬549.00
            </span>
            <span
              class="block p-2 border-b border-gray-300"
            >
              4.69
            </span>
          </div>
        </div>
        <p
          class="py-2 mb-10 text-gray-500"
        >
          An apple mobile which is nothing like apple
        </p>
      </div>
    </div>
  </div>
</div>
`;
