// Jest Snapshot v1, https://goo.gl/fbAQLP

exports[`UI/Quantity <Quantity {...} /> Should render a default state of the Component 1`] = `
<div>
  <div
    class="flex justify-center items-center bg-gray-100 rounded-md border border-gray-400 undefined"
  >
    <button
      class="text-xl w-20 text-red-400 font-medium border-r border-r-gray-400"
    >
      -
    </button>
    <span
      class="w-full px-1  text-center"
    >
      1
    </span>
    <button
      class="text-xl w-20  text-green-400 font-medium border-l border-l-gray-400"
    >
      +
    </button>
  </div>
</div>
`;
